Setting up libfl-dev:amd64 (2.6.4-8.2build1) ...
Setting up mariadb-client-core (1:11.8.9+maria~ubu2404) ...
Setting up php8.5-mbstring (8.5.11-1+ubuntu24.04.1+deb.sury.org+1) ...

Creating config file /etc/php/8.5/mods-available/mbstring.ini with new version
Setting up php8.5-ldap (8.5.11-1+ubuntu24.04.1+deb.sury.org+1) ...

Creating config file /etc/php/8.5/mods-available/ldap.ini with new version
Setting up clamav-freshclam (1.5.4+dfsg-0ubuntu0.24.04.1) ...
invoke-rc.d: policy-rc.d denied execution of start.
Setting up php8.5-zip (8.5.11-1+ubuntu24.04.1+deb.sury.org+1) ...

Creating config file /etc/php/8.5/mods-available/zip.ini with new version
Setting up libdbd-mysql-perl:amd64 (4.052-1ubuntu3) ...
Setting up apparmor-utils (4.0.1really4.0.1-0ubuntu0.24.04.8) ...
Setting up ftp (20230507-2build3) ...
Setting up aspell (0.60.8.1-1build1) ...
Setting up quota (4.06-1build6) ...
Setting up libjs-sphinxdoc (7.2.6-6) ...
Setting up lsof (4.95.0-1build3) ...
Setting up libmail-spf-perl (3.20240206-1) ...
Setting up libxml-libxml-perl (2.0207+dfsg+really+2.0134-1build4) ...
update-perl-sax-parsers: Registering Perl SAX parser XML::LibXML::SAX::Parser with priority 50...
update-perl-sax-parsers: Registering Perl SAX parser XML::LibXML::SAX with priority 50...
update-perl-sax-parsers: Updating overall Perl SAX parser modules info file...
Replacing config file /etc/perl/XML/SAX/ParserDetails.ini with new version
Setting up libwww-robotrules-perl (6.02-1) ...
Setting up xauth (1:1.1.2-1build1) ...
Setting up clamdscan (1.5.4+dfsg-0ubuntu0.24.04.1) ...
Setting up libhtml-parser-perl:amd64 (3.81-1ubuntu0.1) ...
Setting up libnsl2:amd64 (1.3.0-3build3) ...
Setting up php8.5-intl (8.5.11-1+ubuntu24.04.1+deb.sury.org+1) ...

Creating config file /etc/php/8.5/mods-available/intl.ini with new version
Setting up php8.5-readline (8.5.11-1+ubuntu24.04.1+deb.sury.org+1) ...

Creating config file /etc/php/8.5/mods-available/readline.ini with new version
Setting up clamav-daemon (1.5.4+dfsg-0ubuntu0.24.04.1) ...
invoke-rc.d: policy-rc.d denied execution of start.
Created symlink /etc/systemd/system/multi-user.target.wants/clamav-daemon.service → /usr/lib/systemd/system/clamav-daemon.service.
Created symlink /etc/systemd/system/sockets.target.wants/clamav-daemon.socket → /usr/lib/systemd/system/clamav-daemon.socket.
/usr/sbin/policy-rc.d returned 101, not running 'start clamav-daemon.service clamav-daemon.socket'
Setting up php8.5-bz2 (8.5.11-1+ubuntu24.04.1+deb.sury.org+1) ...

Creating config file /etc/php/8.5/mods-available/bz2.ini with new version
Setting up mariadb-server-core (1:11.8.9+maria~ubu2404) ...
Setting up dovecot-core (1:2.3.21+dfsg1-2ubuntu6.5) ...

Creating config file /etc/dovecot/dovecot.conf with new version

Creating config file /etc/dovecot/dovecot-dict-auth.conf.ext with new version

Creating config file /etc/dovecot/dovecot-dict-sql.conf.ext with new version

Creating config file /etc/dovecot/dovecot-sql.conf.ext with new version

Creating config file /etc/dovecot/conf.d/10-auth.conf with new version

Creating config file /etc/dovecot/conf.d/10-director.conf with new version

Creating config file /etc/dovecot/conf.d/10-logging.conf with new version

Creating config file /etc/dovecot/conf.d/10-mail.conf with new version

Creating config file /etc/dovecot/conf.d/10-master.conf with new version

Creating config file /etc/dovecot/conf.d/10-ssl.conf with new version

Creating config file /etc/dovecot/conf.d/10-tcpwrapper.conf with new version

Creating config file /etc/dovecot/conf.d/15-lda.conf with new version

Creating config file /etc/dovecot/conf.d/15-mailboxes.conf with new version

Creating config file /etc/dovecot/conf.d/90-acl.conf with new version

Creating config file /etc/dovecot/conf.d/90-plugin.conf with new version

Creating config file /etc/dovecot/conf.d/90-quota.conf with new version

Creating config file /etc/dovecot/conf.d/auth-checkpassword.conf.ext with new version

Creating config file /etc/dovecot/conf.d/auth-deny.conf.ext with new version

Creating config file /etc/dovecot/conf.d/auth-dict.conf.ext with new version

Creating config file /etc/dovecot/conf.d/auth-master.conf.ext with new version

Creating config file /etc/dovecot/conf.d/auth-passwdfile.conf.ext with new version

Creating config file /etc/dovecot/conf.d/auth-sql.conf.ext with new version

Creating config file /etc/dovecot/conf.d/auth-static.conf.ext with new version

Creating config file /etc/dovecot/conf.d/auth-system.conf.ext with new version
invoke-rc.d: policy-rc.d denied execution of start.
Created symlink /etc/systemd/system/multi-user.target.wants/dovecot.service → /usr/lib/systemd/system/dovecot.service.
/usr/sbin/policy-rc.d returned 101, not running 'start dovecot.service'
/usr/sbin/policy-rc.d returned 101, not running 'start dovecot.socket'
Setting up php8.5-bcmath (8.5.11-1+ubuntu24.04.1+deb.sury.org+1) ...

Creating config file /etc/php/8.5/mods-available/bcmath.ini with new version
Setting up libio-socket-ssl-perl (2.085-1) ...
Setting up dovecot-imapd (1:2.3.21+dfsg1-2ubuntu6.5) ...

Creating config file /etc/dovecot/conf.d/20-imap.conf with new version
Setting up php8.5-soap (8.5.11-1+ubuntu24.04.1+deb.sury.org+1) ...

Creating config file /etc/php/8.5/mods-available/soap.ini with new version
Setting up libhttp-message-perl (6.45-1ubuntu1) ...
Setting up apache2-utils (2.4.58-1ubuntu8.16) ...
Setting up libhtml-form-perl (6.11-1) ...
Setting up openssh-sftp-server (1:9.6p1-3ubuntu13.19) ...
Setting up libhttp-negotiate-perl (6.01-2) ...
Setting up mariadb-client (1:11.8.9+maria~ubu2404) ...
Setting up openssh-server (1:9.6p1-3ubuntu13.19) ...

Creating config file /etc/ssh/sshd_config with new version
Creating SSH2 RSA key; this may take some time ...
3072 SHA256:T4rscr0xxFZeEGwp4kw+LXdTxx4ELAuaojdSq+5Dkws root@qemucp-ci.local.test (RSA)
Creating SSH2 ECDSA key; this may take some time ...
256 SHA256:Wx+yjZ7Xyy5GWjYmBtl6c+u0sRwQEJIW1ZVFYUC+UG4 root@qemucp-ci.local.test (ECDSA)
Creating SSH2 ED25519 key; this may take some time ...
256 SHA256:YY1NDCL+QjWgHeRqyebk1NwxOUlH8XONMQw5e1SgHQ0 root@qemucp-ci.local.test (ED25519)
invoke-rc.d: policy-rc.d denied execution of start.
Created symlink /etc/systemd/system/sockets.target.wants/ssh.socket → /usr/lib/systemd/system/ssh.socket.
Created symlink /etc/systemd/system/ssh.service.requires/ssh.socket → /usr/lib/systemd/system/ssh.socket.
/usr/sbin/policy-rc.d returned 101, not running 'restart ssh.socket'
Setting up libhttp-cookies-perl (6.11-1) ...
Setting up dovecot-pop3d (1:2.3.21+dfsg1-2ubuntu6.5) ...

Creating config file /etc/dovecot/conf.d/20-pop3.conf with new version
Setting up libhtml-tree-perl (5.07-3) ...
Setting up mariadb-client-compat (1:11.8.9+maria~ubu2404) ...
Setting up expect (5.45.4-3) ...
Setting up libcgi-pm-perl (4.63-1) ...
Setting up exim4-daemon-heavy (4.97-4ubuntu4.8) ...
Created symlink /etc/systemd/system/multi-user.target.wants/exim4.service → /usr/lib/systemd/system/exim4.service.
/usr/sbin/policy-rc.d returned 101, not running 'start exim4.service'
Setting up aspell-en (2020.12.07-0-1) ...
Setting up libnet-dns-sec-perl (1.23-1build4) ...
Setting up libhtml-format-perl (2.16-2) ...
Setting up apache2-bin (2.4.58-1ubuntu8.16) ...
Setting up apache2-suexec-custom (2.4.58-1ubuntu8.16) ...
update-alternatives: using /usr/lib/apache2/suexec-custom to provide /usr/lib/apache2/suexec (suexec) in auto mode
update-alternatives: warning: skip creation of /usr/share/man/man8/suexec.8.gz because associated file /usr/share/man/man8/suexec-custom.8.gz (of link group suexec) doesn't exist
Setting up libhtml-template-perl (2.97-2) ...
Setting up clamav (1.5.4+dfsg-0ubuntu0.24.04.1) ...
Setting up mariadb-server (1:11.8.9+maria~ubu2404) ...
invoke-rc.d: policy-rc.d denied execution of stop.
Created symlink /etc/systemd/system/multi-user.target.wants/mariadb.service → /usr/lib/systemd/system/mariadb.service.
invoke-rc.d: policy-rc.d denied execution of start.
Setting up exim4 (4.97-4ubuntu4.8) ...
Setting up libnet-smtp-ssl-perl (1.04-2) ...
Setting up libmailtools-perl (2.21-2) ...
Setting up bsd-mailx (8.1.2-0.20220412cvs-1build1) ...
update-alternatives: using /usr/bin/bsd-mailx to provide /usr/bin/mailx (mailx) in auto mode
update-alternatives: warning: skip creation of /usr/share/man/man1/mailx.1.gz because associated file /usr/share/man/man1/bsd-mailx.1.gz (of link group mailx) doesn't exist
update-alternatives: warning: skip creation of /usr/share/man/man1/mail.1.gz because associated file /usr/share/man/man1/bsd-mailx.1.gz (of link group mailx) doesn't exist
update-alternatives: warning: skip creation of /usr/share/man/man1/Mail.1.gz because associated file /usr/share/man/man1/bsd-mailx.1.gz (of link group mailx) doesn't exist
Setting up libhttp-daemon-perl (6.16-1ubuntu0.24.04.1) ...
Setting up php8.5-cli (8.5.11-1+ubuntu24.04.1+deb.sury.org+1) ...
update-alternatives: using /usr/bin/php8.5 to provide /usr/bin/php (php) in auto mode
update-alternatives: warning: skip creation of /usr/share/man/man1/php.1.gz because associated file /usr/share/man/man1/php8.5.1.gz (of link group php) doesn't exist
update-alternatives: using /usr/bin/phar8.5 to provide /usr/bin/phar (phar) in auto mode
update-alternatives: warning: skip creation of /usr/share/man/man1/phar.1.gz because associated file /usr/share/man/man1/phar8.5.1.gz (of link group phar) doesn't exist
update-alternatives: using /usr/bin/phar.phar8.5 to provide /usr/bin/phar.phar (phar.phar) in auto mode
update-alternatives: warning: skip creation of /usr/share/man/man1/phar.phar.1.gz because associated file /usr/share/man/man1/phar.phar8.5.1.gz (of link group phar.phar) doesn't exist

Creating config file /etc/php/8.5/cli/php.ini with new version
Setting up php8.5-apcu (5.1.28-2+ubuntu24.04.1+deb.sury.org+1) ...
Setting up php8.5-fpm (8.5.11-1+ubuntu24.04.1+deb.sury.org+1) ...
Package apache2 is not configured yet. Will defer actions by package php8.5-fpm.

Creating config file /etc/php/8.5/fpm/php.ini with new version
NOTICE: Not enabling PHP 8.5 FPM by default.
NOTICE: To enable PHP 8.5 FPM in Apache2 do:
NOTICE: a2enmod proxy_fcgi setenvif
NOTICE: a2enconf php8.5-fpm
NOTICE: You are seeing this message because you have apache2 package installed.
Created symlink /etc/systemd/system/multi-user.target.wants/php8.5-fpm.service → /usr/lib/systemd/system/php8.5-fpm.service.
invoke-rc.d: policy-rc.d denied execution of start.
Setting up libmail-dkim-perl (1.20230212-1ubuntu1) ...
Setting up libapache2-mod-fcgid (1:2.3.9-4) ...
Package apache2 is not configured yet. Will defer actions by package libapache2-mod-fcgid.
Setting up libcgi-fast-perl (1:2.17-1) ...
Setting up mariadb-server-compat (1:11.8.9+maria~ubu2404) ...
Setting up apache2 (2.4.58-1ubuntu8.16) ...
Enabling module mpm_event.
Enabling module authz_core.
Enabling module authz_host.
Enabling module authn_core.
Enabling module auth_basic.
Enabling module access_compat.
Enabling module authn_file.
Enabling module authz_user.
Enabling module alias.
Enabling module dir.
Enabling module autoindex.
Enabling module env.
Enabling module mime.
Enabling module negotiation.
Enabling module setenvif.
Enabling module filter.
Enabling module deflate.
Enabling module status.
Enabling module reqtimeout.
Enabling conf charset.
Enabling conf localized-error-pages.
Enabling conf other-vhosts-access-log.
Enabling conf security.
Enabling conf serve-cgi-bin.
Enabling site 000-default.
info: Executing deferred 'a2enconf javascript-common' for package javascript-common
Enabling conf javascript-common.
info: Executing deferred 'a2enmod fcgid' for package libapache2-mod-fcgid
Enabling module fcgid.
invoke-rc.d: policy-rc.d denied execution of start.
Created symlink /etc/systemd/system/multi-user.target.wants/apache2.service → /usr/lib/systemd/system/apache2.service.
/usr/sbin/policy-rc.d returned 101, not running 'start apache2.service'
Created symlink /etc/systemd/system/multi-user.target.wants/apache-htcacheclean.service → /usr/lib/systemd/system/apache-htcacheclean.service.
/usr/sbin/policy-rc.d returned 101, not running 'start apache-htcacheclean.service'
Setting up php8.5-pspell (3:1.0.1-4+ubuntu24.04.1+deb.sury.org+1) ...
Setting up libapache2-mod-rpaf (0.6-14) ...
apache2_invoke: Enable module rpaf
invoke-rc.d: policy-rc.d denied execution of restart.
Setting up libmime-tools-perl (5.514-1) ...
Setting up php8.5-imagick (3.8.1-1+ubuntu24.04.1+deb.sury.org+1) ...
Setting up php8.5 (8.5.11-1+ubuntu24.04.1+deb.sury.org+1) ...
Setting up php8.5-imap (3:1.0.3-2+ubuntu24.04.1+deb.sury.org+1) ...
Setting up spamassassin (4.0.0-8ubuntu5) ...
info: Selecting UID from range 100 to 999 ...

info: Selecting GID from range 100 to 999 ...
info: Adding system user `debian-spamd' (UID 110) ...
info: Adding new group `debian-spamd' (GID 112) ...
info: Adding new user `debian-spamd' (UID 110) with group `debian-spamd' ...
info: Not creating home directory `/var/lib/spamassassin'.
Setting up libmail-dmarc-perl (1.20230215-1ubuntu1) ...
Setting up sa-compile (4.0.0-8ubuntu5) ...
Running sa-compile (may take a long time)
Setting up spamd (4.0.0-8ubuntu5) ...
invoke-rc.d: policy-rc.d denied execution of start.
Created symlink /etc/systemd/system/multi-user.target.wants/spamd.service → /usr/lib/systemd/system/spamd.service.
/usr/sbin/policy-rc.d returned 101, not running 'start spamd.service'
Setting up liblwp-protocol-https-perl (6.13-1) ...
Setting up libwww-perl (6.76-1ubuntu0.1) ...
Setting up libxml-parser-perl (2.47-1ubuntu0.24.04.1) ...
Setting up libxml-sax-expat-perl (0.51-2) ...
update-perl-sax-parsers: Registering Perl SAX parser XML::SAX::Expat with priority 50...
update-perl-sax-parsers: Updating overall Perl SAX parser modules info file...
Replacing config file /etc/perl/XML/SAX/ParserDetails.ini with new version
Processing triggers for fontconfig (2.15.0-1.1ubuntu2) ...
Processing triggers for hicolor-icon-theme (0.17-2) ...
Processing triggers for libc-bin (2.39-0ubuntu8.9) ...
Processing triggers for dictionaries-common (1.29.7) ...
aspell-autobuildhash: processing: en [en-common].
aspell-autobuildhash: processing: en [en-variant_0].
aspell-autobuildhash: processing: en [en-variant_1].
aspell-autobuildhash: processing: en [en-variant_2].
aspell-autobuildhash: processing: en [en-w_accents-only].
aspell-autobuildhash: processing: en [en-wo_accents-only].
aspell-autobuildhash: processing: en [en_AU-variant_0].
aspell-autobuildhash: processing: en [en_AU-variant_1].
aspell-autobuildhash: processing: en [en_AU-w_accents-only].
aspell-autobuildhash: processing: en [en_AU-wo_accents-only].
aspell-autobuildhash: processing: en [en_CA-variant_0].
aspell-autobuildhash: processing: en [en_CA-variant_1].
aspell-autobuildhash: processing: en [en_CA-w_accents-only].
aspell-autobuildhash: processing: en [en_CA-wo_accents-only].
aspell-autobuildhash: processing: en [en_GB-ise-w_accents-only].
aspell-autobuildhash: processing: en [en_GB-ise-wo_accents-only].
aspell-autobuildhash: processing: en [en_GB-ize-w_accents-only].
aspell-autobuildhash: processing: en [en_GB-ize-wo_accents-only].
aspell-autobuildhash: processing: en [en_GB-variant_0].
aspell-autobuildhash: processing: en [en_GB-variant_1].
aspell-autobuildhash: processing: en [en_US-w_accents-only].
aspell-autobuildhash: processing: en [en_US-wo_accents-only].
Processing triggers for dovecot-core (1:2.3.21+dfsg1-2ubuntu6.5) ...
invoke-rc.d: policy-rc.d denied execution of restart.
Processing triggers for php8.5-cli (8.5.11-1+ubuntu24.04.1+deb.sury.org+1) ...
Processing triggers for php8.5-fpm (8.5.11-1+ubuntu24.04.1+deb.sury.org+1) ...
invoke-rc.d: policy-rc.d denied execution of restart.
NOTICE: Not enabling PHP 8.5 FPM by default.
NOTICE: To enable PHP 8.5 FPM in Apache2 do:
NOTICE: a2enmod proxy_fcgi setenvif
NOTICE: a2enconf php8.5-fpm
NOTICE: You are seeing this message because you have apache2 package installed.
mysql.user table already exists!
Run mariadb-upgrade, not mariadb-install-db
Enabling module remoteip.
To activate the new configuration, you need to run:
  systemctl restart apache2
Reading package lists...
Building dependency tree...
Reading state information...
Calculating upgrade...
The following packages have been kept back:
  libgd3
0 upgraded, 0 newly installed, 0 to remove and 1 not upgraded.
